[vnukauto.com/index.html]
[backblue.gif]
[fade.gif]
[index.html]
[vnukauto.com/css/Scrollbar.css]
[vnukauto.com/favicon.ico]
[cdn.jsdelivr.net/jquery.slick/1.5.9/slick.css]
[netdna.bootstrapcdn.com/bootstrap/3.3.2/css/bootstrap.min.css]
[netdna.bootstrapcdn.com/bootstrap/3.3.2/css/bootstrap-theme.min.css]
[vnukauto.com/css/styles.css]
[vnukauto.com/css/mobile.css]
[vnukauto.com/hostcmsfiles/jquery/lightbox/css/jquery.lightbox.css]
[vnukauto.com/templates/template13/stylee168.css]
[vnukauto.com/images/close.png]
[vnukauto.com/images/logo.png]
[vnukauto.com/autoservice/index.html]
[vnukauto.com/painting/index.html]
[vnukauto.com/images/img1.png]
[vnukauto.com/images/img2.png]
[vnukauto.com/useful_articles/index.html]
[vnukauto.com/images/img3.png]
[vnukauto.com/shinomotazh/index.html]
[vnukauto.com/guestbook/index.html]
[vnukauto.com/images/img4.png]
[vnukauto.com/about/index.html]
[vnukauto.com/images/img5.png]
[vnukauto.com/contacts/index.html]
[vnukauto.com/images/img6.png]
[vnukauto.com/images/img7.png]
[vnukauto.com/images/img8.png]
[vnukauto.com/images/img9.png]
[vnukauto.com/images/img10.png]
[vnukauto.com/images/wing2.png]
[vnukauto.com/images/mirror.png]
[vnukauto.com/images/roof.png]
[vnukauto.com/images/hood.png]
[vnukauto.com/images/door.png]
[vnukauto.com/images/thresholds.png]
[vnukauto.com/images/wing.png]
[vnukauto.com/images/bumper.png]
[vnukauto.com/images/also.png]
[vnukauto.com/images/img12.png]
[vnukauto.com/images/img13.png]
[vnukauto.com/images/img14.png]
[vnukauto.com/images/img15.png]
[vnukauto.com/images/img16.png]
[vnukauto.com/images/img17.png]
[vnukauto.com/images/img18.png]
[vnukauto.com/images/img19.png]
[vnukauto.com/images/img20.png]
[vnukauto.com/images/img22.png]
[vnukauto.com/images/img23.png]
[vnukauto.com/images/img21.png]
[vnukauto.com/images/ico9.png]
[vnukauto.com/images/ico10.png]
[vnukauto.com/images/ico11.png]
[vnukauto.com/images/ico12.png]
[vnukauto.com/images/ico13.png]
[vnukauto.com/images/ico14.png]
[vnukauto.com/images/img26.jpg]
[vnukauto.com/images/img27.jpg]
[vnukauto.com/images/img28.jpg]
[vnukauto.com/images/ico28.png]
[vnukauto.com/images/ico27.png]
[vnukauto.com/images/ico18.png]
[vnukauto.com/images/ico26.png]
[vnukauto.com/images/ico25.png]
[vnukauto.com/images/ico24.png]
[vnukauto.com/images/ico23.png]
[vnukauto.com/images/ico22.png]
[vnukauto.com/images/ico21.png]
[vnukauto.com/images/ico20.png]
[vnukauto.com/images/ico19.png]
[vnukauto.com/images/made-by.png]
[vnukauto.com/js/jquery-2.0.3.js]
[vnukauto.com/js/jquery.fractionslider.js]
[vnukauto.com/js/bootstrap.min.js]
[vnukauto.com/js/mootools-1.2.4-core.js]
[vnukauto.com/js/mootools-1.2.4.4-more.js]
[vnukauto.com/js/Scrollbar.js]
[vnukauto.com/js/jquery.film_roll.js]
[vnukauto.com/js/main.js]
[mc.yandex.ru/metrika/watch.js]
[www.google-analytics.com/analytics.js]
[vnukauto.com/index.html]
[vnukauto.com/css/Scrollbar.css]
[vnukauto.com/css/slider.paralax.html]
[vnukauto.com/css/jquery.formstyler.html]
[vnukauto.com/css/bootstrap-slider.html]
[cdn.jsdelivr.net/jquery.slick/1.5.9/slick.css]
[netdna.bootstrapcdn.com/bootstrap/3.3.2/css/bootstrap.min.css]
[netdna.bootstrapcdn.com/bootstrap/3.3.2/css/bootstrap-theme.min.css]
[vnukauto.com/css/responsiveslides.html]
[vnukauto.com/css/fonts/FiraSans-Medium.otf]
[app.comagic.ru/static/cs.min.js]
[vnukauto.com/css/fonts/FiraSans-Regular.otf]
[vnukauto.com/css/fonts/FiraSans-Bold.otf]
[vnukauto.com/css/fonts/FiraSans-LightItalic.otf]
[vnukauto.com/css/fonts/FiraSans-MediumItalic.otf]
[vnukauto.com/images/buttons-sprite.png]
[vnukauto.com/images/sprite.png]
[vnukauto.com/images/ico1.png]
[vnukauto.com/images/bg2.png]
[vnukauto.com/images/bg12.png]
[vnukauto.com/images/bg13.png]
[vnukauto.com/images/bg14.png]
[vnukauto.com/images/ico2.png]
[vnukauto.com/images/ico3.png]
[vnukauto.com/images/ico4.png]
[vnukauto.com/images/ico29.png]
[vnukauto.com/images/ico30.png]
[vnukauto.com/images/ico31.png]
[vnukauto.com/images/shadow.png]
[vnukauto.com/images/bg3.png]
[vnukauto.com/images/bg4.jpg]
[vnukauto.com/images/bg5.png]
[vnukauto.com/images/bg1.png]
[vnukauto.com/images/elipses.png]
[vnukauto.com/images/btn-icons.png]
[vnukauto.com/images/ico5.png]
[vnukauto.com/images/bg6.png]
[vnukauto.com/images/img11.png]
[vnukauto.com/images/ico6.png]
[vnukauto.com/images/ico7.png]
[vnukauto.com/images/bg7.jpg]
[vnukauto.com/images/bg8.png]
[vnukauto.com/images/ico8.png]
[vnukauto.com/images/bg9.png]
[vnukauto.com/images/ico15.png]
[vnukauto.com/images/road.jpg]
[vnukauto.com/images/ico16.png]
[vnukauto.com/images/ico17.png]
[vnukauto.com/images/bg10.png]
[vnukauto.com/images/bg11.png]
[vnukauto.com/images/shadow2.png]
[vnukauto.com/images/ico32.png]
[vnukauto.com/images/bg15.png]
[vnukauto.com/images/bg16.png]
[vnukauto.com/css/styles.css]
[vnukauto.com/css/mobile.css]
[vnukauto.com/hostcmsfiles/jquery/lightbox/css/jquery.lightbox.css]
[vnukauto.com/css/jquery.datetimepicker.html]
[vnukauto.com/templates/template13/stylee168.css]
[vnukauto.com/templates/template14/stylee168.css]
[vnukauto.com/templates/template18/stylee168.css]
[vnukauto.com/autoservice/index.html]
[vnukauto.com/images/pokraska-1.jpg]
[vnukauto.com/images/pokraska-2.jpg]
[vnukauto.com/images/pokraska-3-e1417979943652.jpg]
[vnukauto.com/painting/index.html]
[vnukauto.com/images/sezonnoe_hranenie_shin_v_uzao.jpg]
[vnukauto.com/images/sezonnoe_hranenie_shin_v_uzao_2.jpg]
[vnukauto.com/shinomotazh/index.html]
[vnukauto.com/useful_articles/index.html]
[vnukauto.com/useful_articles/220/index.html]
[vnukauto.com/useful_articles/tag/Авто/index.html]
[vnukauto.com/useful_articles/tag/замена амортизаторов/index.html]
[vnukauto.com/captcha077b.png]
[vnukauto.com/guestbook/index.html]
[vnukauto.com/useful_articles/219/index.html]
[vnukauto.com/useful_articles/tag/США/index.html]
[vnukauto.com/useful_articles/218/index.html]
[vnukauto.com/useful_articles/217/index.html]
[vnukauto.ru/images/ob-avtoservise.jpg]
[vnukauto.com/about/index.html]
[vnukauto.com/useful_articles/216/index.html]
[vnukauto.com/useful_articles/page-2/index.html]
[vnukauto.com/useful_articles/page-3/index.html]
[vnukauto.com/useful_articles/page-4/index.html]
[vnukauto.ru/images/schema-proezda.jpg]
[vnukauto.com/contacts/index.html]
[vnukauto.com/useful_articles/page-5/index.html]
[vnukauto.com/js/jquery-2.0.3.js]
[vnukauto.com/useful_articles/page-8/index.html]
[vnukauto.com/js/jquery.fractionslider.js]
[vnukauto.com/guestbook/page-2/index.html]
[vnukauto.com/js/bootstrap.min.js]
[vnukauto.com/js/mootools-1.2.4-core.js]
[vnukauto.com/js/mootools-1.2.4.4-more.js]
[vnukauto.com/js/Scrollbar.js]
[vnukauto.com/js/jquery.film_roll.js]
[vnukauto.com/js/main.js]
[vnukauto.com/css/bootstrap.min.css]
[mc.yandex.ru/metrika/watch.js]
[vnukauto.com/images/bg12.png]
[vnukauto.com/images/bg13.png]
[vnukauto.com/templates/template19/stylee168.css]
[vnukauto.com/autoservice/images/close.html]
[vnukauto.com/painting/images/close.html]
[vnukauto.com/shinomotazh/images/close.html]
[vnukauto.com/useful_articles/images/close.html]
[vnukauto.com/images/bg6.png]
[vnukauto.com/images/bg10.png]
[vnukauto.com/captcha0074.png]
[vnukauto.com/useful_articles/220/index.html]
[vnukauto.com/useful_articles/tag/Авто/index.html]
[vnukauto.com/useful_articles/tag/замена амортизаторов/index.html]
[vnukauto.com/upload/information_system_15/2/1/9/item_219/information_items_219.jpg]
[vnukauto.com/upload/information_system_15/2/1/9/item_219/small_information_items_219.jpg]
[vnukauto.com/captchaa4b0.png]
[vnukauto.com/useful_articles/219/index.html]
[vnukauto.com/useful_articles/tag/США/index.html]
[vnukauto.com/upload/information_system_15/2/1/8/item_218/information_items_218.jpg]
[vnukauto.com/upload/information_system_15/2/1/8/item_218/small_information_items_218.jpg]
[vnukauto.com/captcha9806.png]
[vnukauto.com/useful_articles/218/index.html]
[vnukauto.com/captchaeae7.png]
[vnukauto.com/useful_articles/217/index.html]
[vnukauto.com/captcha339d.png]
[vnukauto.com/useful_articles/216/index.html]
[vnukauto.com/useful_articles/page-2/index.html]
[vnukauto.com/useful_articles/215/index.html]
[vnukauto.com/useful_articles/214/index.html]
[vnukauto.com/useful_articles/page-3/index.html]
[vnukauto.com/useful_articles/213/index.html]
[vnukauto.com/useful_articles/212/index.html]
[vnukauto.com/useful_articles/211/index.html]
[vnukauto.com/useful_articles/210/index.html]
[vnukauto.com/useful_articles/page-4/index.html]
[vnukauto.com/useful_articles/209/index.html]
[vnukauto.com/useful_articles/208/index.html]
[vnukauto.com/useful_articles/207/index.html]
[vnukauto.com/useful_articles/206/index.html]
[vnukauto.com/useful_articles/page-5/index.html]
[vnukauto.com/useful_articles/205/index.html]
[vnukauto.com/useful_articles/204/index.html]
[vnukauto.com/useful_articles/203/index.html]
[vnukauto.com/useful_articles/202/index.html]
[vnukauto.com/useful_articles/page-8/index.html]
[vnukauto.com/useful_articles/201/index.html]
[vnukauto.com/useful_articles/page-6/index.html]
[vnukauto.com/guestbook/images/close.html]
[vnukauto.com/useful_articles/200/index.html]
[vnukauto.com/useful_articles/199/index.html]
[vnukauto.com/useful_articles/198/index.html]
[vnukauto.com/useful_articles/197/index.html]
[vnukauto.com/useful_articles/196/index.html]
[vnukauto.com/captchab0c5.png]
[vnukauto.com/useful_articles/page-7/index.html]
[vnukauto.com/guestbook/page-2/index.html]
[vnukauto.com/useful_articles/183/index.html]
[vnukauto.com/useful_articles/184/index.html]
[vnukauto.com/useful_articles/182/index.html]
[vnukauto.com/useful_articles/181/index.html]
[vnukauto.com/about/images/close.html]
[vnukauto.com/useful_articles/tag/амортизаторы/index.html]
[vnukauto.com/contacts/images/close.html]
[vnukauto.com/Popover requires tooltip.html]
[vnukauto.com/useful_articles/nokia-namerena-vernutsia-na-rynok-v-2016-godu/index.html]
[vnukauto.com/css/bootstrap.min.css]
[vnukauto.com/get/index.html]
[vnukauto.com/path/index.html]
[vnukauto.com/banners.adfox.ru/index.html]
[vnukauto.com/awaps.yandex.net/index.html]
[vnukauto.com/useful_articles/220/images/close.html]
[vnukauto.com/images/no_image.html]
[vnukauto.com/images/refresh.html]
[vnukauto.com/useful_articles/219/images/close.html]
[vnukauto.com/useful_articles/218/images/close.html]
[vnukauto.com/useful_articles/217/images/close.html]
[vnukauto.com/shinomotazh/index-2.html]
[vnukauto.com/useful_articles/216/images/close.html]
[vnukauto.com/useful_articles/page-2/images/close.html]
[vnukauto.com/upload/information_system_15/2/1/5/item_215/information_items_215.jpg]
[vnukauto.com/upload/information_system_15/2/1/5/item_215/small_information_items_215.jpg]
[vnukauto.com/captchaf84e.png]
[vnukauto.com/useful_articles/215/index.html]
[vnukauto.com/upload/information_system_15/2/1/4/item_214/information_items_214.jpg]
[vnukauto.com/upload/information_system_15/2/1/4/item_214/small_information_items_214.jpg]
[vnukauto.com/captchae953.png]
[vnukauto.com/useful_articles/214/index.html]
[vnukauto.com/upload/information_system_15/2/1/3/item_213/information_items_213.jpg]
[vnukauto.com/upload/information_system_15/2/1/3/item_213/small_information_items_213.jpg]
[vnukauto.com/captchabda0.png]
[vnukauto.com/useful_articles/213/index.html]
[vnukauto.com/upload/information_system_15/2/1/2/item_212/information_items_212.jpg]
[vnukauto.com/upload/information_system_15/2/1/2/item_212/small_information_items_212.jpg]
[vnukauto.com/captcha764f.png]
[vnukauto.com/useful_articles/212/index.html]
[vnukauto.com/upload/information_system_15/2/1/1/item_211/information_items_211.jpg]
[vnukauto.com/upload/information_system_15/2/1/1/item_211/small_information_items_211.jpg]
[vnukauto.com/captchaa482.png]
[vnukauto.com/useful_articles/211/index.html]
[vnukauto.com/useful_articles/page-3/images/close.html]
[vnukauto.com/upload/information_system_15/2/1/0/item_210/information_items_210.jpg]
[vnukauto.com/upload/information_system_15/2/1/0/item_210/small_information_items_210.jpg]
[vnukauto.com/captchae604.png]
[vnukauto.com/useful_articles/210/index.html]
[vnukauto.com/upload/information_system_15/2/0/9/item_209/information_items_209.jpg]
[vnukauto.com/upload/information_system_15/2/0/9/item_209/small_information_items_209.jpg]
[vnukauto.com/captchafc13.png]
[vnukauto.com/useful_articles/209/index.html]
[vnukauto.com/upload/information_system_15/2/0/8/item_208/information_items_208.jpg]
[vnukauto.com/upload/information_system_15/2/0/8/item_208/small_information_items_208.jpg]
[vnukauto.com/captchaec1d.png]
[vnukauto.com/useful_articles/208/index.html]
[vnukauto.com/upload/information_system_15/2/0/7/item_207/information_items_207.jpg]
[vnukauto.com/upload/information_system_15/2/0/7/item_207/small_information_items_207.jpg]
[vnukauto.com/captchaf68d.png]
[vnukauto.com/useful_articles/207/index.html]
[vnukauto.com/upload/information_system_15/2/0/6/item_206/information_items_206.jpg]
[vnukauto.com/upload/information_system_15/2/0/6/item_206/small_information_items_206.jpg]
[vnukauto.com/captchacdd5.png]
[vnukauto.com/useful_articles/206/index.html]
[vnukauto.com/useful_articles/page-4/images/close.html]
[vnukauto.com/upload/information_system_15/2/0/5/item_205/information_items_205.jpg]
[vnukauto.com/upload/information_system_15/2/0/5/item_205/small_information_items_205.jpg]
[vnukauto.com/captcha2b51.png]
[vnukauto.com/useful_articles/205/index.html]
[vnukauto.com/upload/information_system_15/2/0/4/item_204/information_items_204.jpg]
[vnukauto.com/upload/information_system_15/2/0/4/item_204/small_information_items_204.jpg]
[vnukauto.com/captcha1406.png]
[vnukauto.com/useful_articles/204/index.html]
[vnukauto.com/upload/information_system_15/2/0/3/item_203/information_items_203.jpg]
[vnukauto.com/upload/information_system_15/2/0/3/item_203/small_information_items_203.jpg]
[vnukauto.com/captchacb1a.png]
[vnukauto.com/useful_articles/203/index.html]
[vnukauto.com/upload/information_system_15/2/0/2/item_202/information_items_202.jpg]
[vnukauto.com/upload/information_system_15/2/0/2/item_202/small_information_items_202.jpg]
[vnukauto.com/captcha5daa.png]
[vnukauto.com/useful_articles/202/index.html]
[vnukauto.com/upload/information_system_15/2/0/1/item_201/information_items_201.jpg]
[vnukauto.com/upload/information_system_15/2/0/1/item_201/small_information_items_201.jpg]
[vnukauto.com/captcha21d0.png]
[vnukauto.com/useful_articles/201/index.html]
[vnukauto.com/useful_articles/page-6/index.html]
[vnukauto.com/useful_articles/page-5/images/close.html]
[vnukauto.com/useful_articles/195/index.html]
[vnukauto.com/useful_articles/194/index.html]
[vnukauto.com/useful_articles/193/index.html]
[vnukauto.com/upload/information_system_15/2/0/0/item_200/information_items_200.jpg]
[vnukauto.com/useful_articles/192/index.html]
[vnukauto.com/useful_articles/191/index.html]
[vnukauto.com/upload/information_system_15/2/0/0/item_200/small_information_items_200.jpg]
[vnukauto.com/captchaa231.png]
[vnukauto.com/useful_articles/200/index.html]
[vnukauto.com/upload/information_system_15/1/9/9/item_199/information_items_199.jpg]
[vnukauto.com/upload/information_system_15/1/9/9/item_199/small_information_items_199.jpg]
[vnukauto.com/captchaed5e.png]
[vnukauto.com/useful_articles/199/index.html]
[vnukauto.com/upload/information_system_15/1/9/8/item_198/information_items_198.jpg]
[vnukauto.com/upload/information_system_15/1/9/8/item_198/small_information_items_198.jpg]
[vnukauto.com/captcha95fe.png]
[vnukauto.com/useful_articles/198/index.html]
[vnukauto.com/upload/information_system_15/1/9/7/item_197/information_items_197.jpg]
[vnukauto.com/upload/information_system_15/1/9/7/item_197/small_information_items_197.jpg]
[vnukauto.com/captchae7d6.png]
[vnukauto.com/useful_articles/197/index.html]
[vnukauto.com/upload/information_system_15/1/9/6/item_196/information_items_196.jpg]
[vnukauto.com/upload/information_system_15/1/9/6/item_196/small_information_items_196.jpg]
[vnukauto.com/captchaba11.png]
[vnukauto.com/useful_articles/196/index.html]
[vnukauto.com/useful_articles/page-7/index.html]
[vnukauto.com/useful_articles/page-8/images/close.html]
[vnukauto.com/useful_articles/190/index.html]
[vnukauto.com/useful_articles/188/index.html]
[vnukauto.com/useful_articles/187/index.html]
[vnukauto.com/useful_articles/186/index.html]
[vnukauto.com/upload/information_system_15/1/8/4/item_184/information_items_184.jpg]
[vnukauto.com/useful_articles/185/index.html]
[vnukauto.com/upload/information_system_15/1/8/4/item_184/small_information_items_184.jpg]
[vnukauto.com/captcha596a.png]
[vnukauto.com/useful_articles/184/index.html]
[vnukauto.com/upload/information_system_15/1/8/3/item_183/information_items_183.jpg]
[vnukauto.com/upload/information_system_15/1/8/3/item_183/small_information_items_183.jpg]
[vnukauto.com/captchab005.png]
[vnukauto.com/useful_articles/183/index.html]
[vnukauto.com/upload/information_system_15/1/8/2/item_182/information_items_182.jpg]
[vnukauto.com/upload/information_system_15/1/8/2/item_182/small_information_items_182.jpg]
[vnukauto.com/captcha7cc3.png]
[vnukauto.com/useful_articles/182/index.html]
[vnukauto.com/upload/information_system_15/1/8/1/item_181/information_items_181.jpg]
[vnukauto.com/upload/information_system_15/1/8/1/item_181/small_information_items_181.jpg]
[vnukauto.com/captchaded9.png]
[vnukauto.com/useful_articles/181/index.html]
[vnukauto.com/upload/information_system_15/1/5/4/item_154/information_items_154.jpg]
[vnukauto.com/upload/information_system_15/1/5/4/item_154/small_information_items_154.jpg]
[vnukauto.com/captcha5aab.png]
[vnukauto.com/useful_articles/nokia-namerena-vernutsia-na-rynok-v-2016-godu/index.html]
[vnukauto.com/useful_articles/tag/амортизаторы/index.html]
[vnukauto.com/guestbook/page-2/images/close.html]
[vnukauto.com/fonts/glyphicons-halflings-regular.html]
[vnukauto.com/fonts/glyphicons-halflings-regulard41d.html]
[vnukauto.com/fonts/glyphicons-halflings-regular-2.html]
[vnukauto.com/fonts/glyphicons-halflings-regular-3.html]
[vnukauto.com/fonts/glyphicons-halflings-regular-4.html]
[vnukauto.com/fonts/glyphicons-halflings-regular-5.html]
[vnukauto.com/useful_articles/215/images/close.html]
[vnukauto.com/useful_articles/214/images/close.html]
[vnukauto.com/painting/index-2.html]
[vnukauto.com/useful_articles/213/images/close.html]
[vnukauto.com/useful_articles/212/images/close.html]
[vnukauto.com/useful_articles/211/images/close.html]
[vnukauto.com/useful_articles/210/images/close.html]
[vnukauto.com/useful_articles/209/images/close.html]
[vnukauto.com/useful_articles/208/images/close.html]
[vnukauto.com/useful_articles/207/images/close.html]
[vnukauto.com/useful_articles/206/images/close.html]
[vnukauto.com/useful_articles/205/images/close.html]
[vnukauto.com/useful_articles/204/images/close.html]
[vnukauto.com/useful_articles/203/images/close.html]
[vnukauto.com/useful_articles/202/images/close.html]
[vnukauto.com/useful_articles/201/images/close.html]
[vnukauto.com/useful_articles/page-6/images/close.html]
[vnukauto.com/upload/information_system_15/1/9/5/item_195/information_items_195.jpg]
[vnukauto.com/upload/information_system_15/1/9/5/item_195/small_information_items_195.jpg]
[vnukauto.com/useful_articles/195/index.html]
[vnukauto.com/captcha7df7.png]
[vnukauto.com/upload/information_system_15/1/9/4/item_194/information_items_194.jpg]
[vnukauto.com/upload/information_system_15/1/9/4/item_194/small_information_items_194.jpg]
[vnukauto.com/captcha3baa.png]
[vnukauto.com/useful_articles/194/index.html]
[vnukauto.com/upload/information_system_15/1/9/3/item_193/information_items_193.jpg]
[vnukauto.com/upload/information_system_15/1/9/3/item_193/small_information_items_193.jpg]
[vnukauto.com/captcha085e.png]
[vnukauto.com/useful_articles/193/index.html]
[vnukauto.com/upload/information_system_15/1/9/2/item_192/information_items_192.jpg]
[vnukauto.com/upload/information_system_15/1/9/2/item_192/small_information_items_192.jpg]
[vnukauto.com/captcha85be.png]
[vnukauto.com/useful_articles/192/index.html]
[vnukauto.com/upload/information_system_15/1/9/1/item_191/information_items_191.jpg]
[vnukauto.com/upload/information_system_15/1/9/1/item_191/small_information_items_191.jpg]
[vnukauto.com/captcha1848.png]
[vnukauto.com/useful_articles/191/index.html]
[vnukauto.com/useful_articles/200/images/close.html]
[vnukauto.com/useful_articles/199/images/close.html]
[vnukauto.com/useful_articles/198/images/close.html]
[vnukauto.com/useful_articles/197/images/close.html]
[vnukauto.com/useful_articles/196/images/close.html]
[vnukauto.com/useful_articles/page-7/images/close.html]
[vnukauto.com/upload/information_system_15/1/9/0/item_190/information_items_190.jpg]
[vnukauto.com/upload/information_system_15/1/9/0/item_190/small_information_items_190.jpg]
[vnukauto.com/captchae4c1.png]
[vnukauto.com/useful_articles/190/index.html]
[vnukauto.com/upload/information_system_15/1/8/8/item_188/information_items_188.jpg]
[vnukauto.com/upload/information_system_15/1/8/8/item_188/small_information_items_188.jpg]
[vnukauto.com/captcha5ca6.png]
[vnukauto.com/useful_articles/188/index.html]
[vnukauto.com/upload/information_system_15/1/8/7/item_187/information_items_187.jpg]
[vnukauto.com/upload/information_system_15/1/8/7/item_187/small_information_items_187.jpg]
[vnukauto.com/captchaadae.png]
[vnukauto.com/useful_articles/187/index.html]
[vnukauto.com/upload/information_system_15/1/8/6/item_186/information_items_186.jpg]
[vnukauto.com/upload/information_system_15/1/8/6/item_186/small_information_items_186.jpg]
[vnukauto.com/captcha81c1.png]
[vnukauto.com/useful_articles/186/index.html]
[vnukauto.com/upload/information_system_15/1/8/5/item_185/information_items_185.jpg]
[vnukauto.com/upload/information_system_15/1/8/5/item_185/small_information_items_185.jpg]
[vnukauto.com/captcha206f.png]
[vnukauto.com/useful_articles/185/index.html]
[vnukauto.com/useful_articles/184/images/close.html]
[vnukauto.com/useful_articles/183/images/close.html]
[vnukauto.com/useful_articles/182/images/close.html]
[vnukauto.com/useful_articles/181/images/close.html]
[vnukauto.com/useful_articles/nokia-namerena-vernutsia-na-rynok-v-2016-godu/images/close.html]
[vnukauto.com/useful_articles/195/images/close.html]
[vnukauto.com/useful_articles/194/images/close.html]
[vnukauto.com/useful_articles/193/images/close.html]
[vnukauto.com/useful_articles/192/images/close.html]
[vnukauto.com/useful_articles/191/images/close.html]
[vnukauto.com/useful_articles/190/images/close.html]
[vnukauto.com/useful_articles/188/images/close.html]
[vnukauto.com/useful_articles/187/images/close.html]
[vnukauto.com/useful_articles/186/images/close.html]
[vnukauto.com/useful_articles/185/images/close.html]
