[solargroup.pro/index.html]
[backblue.gif]
[fade.gif]
[index.html]
[solargroup.pro/img/favicons/favicon-16x16.png]
[solargroup.pro/img/favicons/favicon-32x32.png]
[solargroup.pro/img/favicons/apple-touch-icon-152x152.png]
[solargroup.pro/css/duyunov.min.css]
[solargroup.pro/img/no-javascript.jpg]
[solargroup.pro/img/logo_duyunov.svg]
[solargroup.pro/images/sec-intro/poster_850x478.jpg]
[solargroup.pro/images/sec-usage/info-card_01.jpg]
[solargroup.pro/images/sec-usage/info-card_02.jpg]
[solargroup.pro/images/sec-usage/info-card_03.jpg]
[solargroup.pro/images/sec-show/show_01.jpg]
[solargroup.pro/images/sec-show/show_02.jpg]
[solargroup.pro/images/sec-show/show_03.jpg]
[solargroup.pro/images/sec-progress/progress_01.jpg]
[solargroup.pro/images/sec-progress/progress_02.jpg]
[solargroup.pro/images/sec-progress/progress_03.jpg]
[solargroup.pro/images/sec-progress/progress_04.jpg]
[solargroup.pro/images/sec-progress/progress_05.jpg]
[solargroup.pro/images/sec-progress/progress_06.jpg]
[solargroup.pro/images/sec-gallery/step_01.jpg]
[solargroup.pro/images/sec-gallery/step_02.jpg]
[solargroup.pro/images/sec-gallery/step_03.jpg]
[solargroup.pro/images/sec-gallery/step_04.jpg]
[solargroup.pro/images/sec-gallery/step_05.jpg]
[solargroup.pro/images/sec-gallery/step_06.jpg]
[solargroup.pro/images/sec-gallery/step_07.jpg]
[solargroup.pro/images/sec-gallery/step_08.jpg]
[solargroup.pro/images/sec-gallery/step_09.jpg]
[solargroup.pro/images/sec-gallery/step_10.jpg]
[solargroup.pro/images/sec-gallery/step_11.jpg]
[solargroup.pro/images/sec-gallery/step_12.jpg]
[solargroup.pro/images/sec-gallery/step_13.jpg]
[solargroup.pro/images/sec-gallery/step_14.jpg]
[solargroup.pro/images/sec-gallery/step_15.jpg]
[solargroup.pro/images/sec-gallery/step_16.jpg]
[solargroup.pro/images/sec-gallery/step_17.jpg]
[solargroup.pro/images/sec-gallery/step_18.jpg]
[solargroup.pro/images/sec-gallery/step_19.jpg]
[solargroup.pro/images/sec-gallery/step_20.jpg]
[solargroup.pro/images/sec-about/about_01.jpg]
[solargroup.pro/images/sec-invest/graphic.svg]
[solargroup.pro/images/sec-present/poster_01_850x478.jpg]
[solargroup.pro/images/sec-present/poster_02_850x478.jpg]
[solargroup.pro/images/sec-present/poster_03_850x478.jpg]
[solargroup.pro/images/sec-about/about_02.jpg]
[solargroup.pro/images/sec-patent/award_01_low.jpg]
[solargroup.pro/images/sec-patent/award_01.jpg]
[solargroup.pro/images/sec-patent/award_02_low.jpg]
[solargroup.pro/images/sec-patent/award_02.jpg]
[solargroup.pro/images/sec-patent/award_03_low.jpg]
[solargroup.pro/images/sec-patent/award_03.jpg]
[solargroup.pro/images/sec-patent/award_04_low.jpg]
[solargroup.pro/images/sec-patent/award_04.jpg]
[solargroup.pro/images/sec-patent/award_05_low.jpg]
[solargroup.pro/images/sec-patent/award_05.jpg]
[solargroup.pro/images/sec-patent/award_06_low.jpg]
[solargroup.pro/images/sec-patent/award_06.jpg]
[solargroup.pro/images/sec-patent/award_07_low.jpg]
[solargroup.pro/images/sec-patent/award_07.jpg]
[solargroup.pro/images/sec-patent/patent_01_low.jpg]
[solargroup.pro/images/sec-patent/patent_01.jpg]
[solargroup.pro/images/sec-patent/patent_02_low.jpg]
[solargroup.pro/images/sec-patent/patent_02.jpg]
[solargroup.pro/images/sec-patent/patent_03_low.jpg]
[solargroup.pro/images/sec-patent/patent_03.jpg]
[solargroup.pro/images/sec-patent/patent_04_low.jpg]
[solargroup.pro/images/sec-patent/patent_04.jpg]
[solargroup.pro/images/sec-patent/patent_05_low.jpg]
[solargroup.pro/images/sec-patent/patent_05.jpg]
[solargroup.pro/images/sec-patent/patent_06_low.jpg]
[solargroup.pro/images/sec-patent/patent_06.jpg]
[solargroup.pro/images/sec-patent/patent_07_low.jpg]
[solargroup.pro/images/sec-patent/patent_07.jpg]
[solargroup.pro/images/sec-patent/patent_08_low.jpg]
[solargroup.pro/images/sec-patent/patent_08.jpg]
[solargroup.pro/images/sec-patent/patent_09_low.jpg]
[solargroup.pro/images/sec-patent/patent_09.jpg]
[solargroup.pro/images/sec-patent/patent_10_low.jpg]
[solargroup.pro/images/sec-patent/patent_10.jpg]
[solargroup.pro/images/sec-patent/patent_11_low.jpg]
[solargroup.pro/images/sec-patent/patent_11.jpg]
[solargroup.pro/images/sec-patent/patent_12_low.jpg]
[solargroup.pro/images/sec-patent/patent_12.jpg]
[solargroup.pro/images/sec-patent/patent_13_low.jpg]
[solargroup.pro/images/sec-patent/patent_13.jpg]
[solargroup.pro/images/sec-patent/patent_14_low.jpg]
[solargroup.pro/images/sec-patent/patent_14.jpg]
[solargroup.pro/images/sec-patent/patent_15_low.jpg]
[solargroup.pro/images/sec-patent/patent_15.jpg]
[solargroup.pro/images/sec-increase/increase_01.jpg]
[solargroup.pro/img/rl.gif]
[solargroup.pro/img/payment/visa_gray.svg]
[solargroup.pro/img/payment/mastercard_gray.svg]
[solargroup.pro/file/address.pdf]
[solargroup.pro/img/logo_footer.svg]
[solargroup.pro/js/jquery.duyunov.min.js]
[mc.yandex.ru/metrika/watch.js]
[solargroup.pro/index.html]
[www.solarmotors.com/img/og-image_1200x1200.html]
[solargroup.pro/js/libs.duyunov.min.js]
[solargroup.pro/fonts/Lato/400/Lato-Regular_ru-en.woff]
[solargroup.pro/fonts/Lato/400_i/Lato-Italic_ru-en.woff]
[solargroup.pro/fonts/Lato/500/Lato-Medium_ru-en.woff]
[solargroup.pro/fonts/Lato/700/Lato-Bold_ru-en.woff]
[solargroup.pro/css/duyunov.min.css]
[solargroup.pro/img/logo_duyunov.svg]
[solargroup.pro/images/sec-invest/graphic.svg]
[solargroup.pro/img/payment/visa_gray.svg]
[solargroup.pro/img/payment/mastercard_gray.svg]
[solargroup.pro/img/logo_footer.svg]
[mc.yandex.ru/metrika/watch.js]
[solargroup.pro/fonts/Lato/700_i/Lato-BoldItalic_ru-en.woff]
[solargroup.pro/fonts/Lato/900/Lato-Black_ru-en.woff]
[solargroup.pro/support@solargroup.html]
[solargroup.pro/img/svg/icon_cross_black.html]
[solargroup.pro/img/svg/icon_cross_white.html]
[solargroup.pro/img/svg/zenfone_grad.html]
[solargroup.pro/get.html]
[solargroup.pro/path.html]
[solargroup.pro/banners.adfox.ru/index.html]
[solargroup.pro/awaps.yandex.net/index.html]
